NODENT - var id = 5 NODENT - function answer() { return 42; } NODENT a(href='/user/' + id, class='button') NODENT a(href  =  '/user/' + id, class  =  'button') NODENT meta(key='answer', value=answer()) NODENT a(class = ['class1', 'class2']) NODENT a.tag-class(class = ['class1', 'class2']) NODENT a(href='/user/' + id class='button') NODENT a(href  =  '/user/' + id class  =  'button') NODENT meta(key='answer' value=answer()) NODENT a(class = ['class1', 'class2']) NODENT a.tag-class(class = ['class1', 'class2']) NODENT div(id=id)&attributes({foo: 'bar'}) NODENT - var bar = null NODENT div(foo=null bar=bar)&attributes({baz: 'baz'}) 