NODENT a(href='/contact') contact NODENT a(href='/save').button save NODENT a(foo, bar, baz) NODENT a(foo='foo, bar, baz', bar=1) NODENT a(foo='((foo))', bar= (1) ? 1 : 0 ) NODENT select INDENT option(value='foo', selected) Foo NODENT option(selected, value='bar') Bar DEDENT a(foo="class:") NODENT input(pattern='\\S+') NODENT a(href='/contact') contact NODENT a(href='/save').button save NODENT a(foo bar baz) NODENT a(foo='foo, bar, baz' bar=1) NODENT a(foo='((foo))' bar= (1) ? 1 : 0 ) NODENT select INDENT option(value='foo' selected) Foo NODENT option(selected value='bar') Bar DEDENT a(foo="class:") NODENT input(pattern='\\S+') NODENT foo(terse="true") NODENT foo(date=new Date(0)) NODENT foo(abc INDENT ,def) DEDENT foo(abc, INDENT def) DEDENT foo(abc, INDENT def) DEDENT foo(abc INDENT ,def) DEDENT foo(abc INDENT def) DEDENT foo(abc INDENT def) DEDENT - var attrs = {foo: 'bar', bar: '<baz>'} NODENT div&attributes(attrs) NODENT a(foo='foo' "bar"="bar") NODENT a(foo='foo' 'bar'='bar') 