NODENT //- see https://github.com/pugjs/pug/issues/1589 NODENT -var ajax = true NODENT -if( ajax ) INDENT //- return only contents if ajax requests NODENT block contents INDENT p ajax contents DEDENT DEDENT -else INDENT //- return all html NODENT doctype html NODENT html INDENT head INDENT meta( charset='utf8' ) NODENT title sample NODENT body INDENT block contents INDENT p all contetns DEDENT99999 DEDENT99999 DEDENT99999 DEDENT99999 DEDENT99999 