NODENT html INDENT body INDENT - var friends = 1 NODENT case friends INDENT when 0: p you have no friends NODENT when 1: p you have a friend NODENT default: p you have #{friends} friends DEDENT - var friends = 0 NODENT case friends INDENT when 0 NODENT when 1 INDENT p you have very few friends DEDENT default INDENT p you have #{friends} friends DEDENT DEDENT - var friend = 'Tim:G' NODENT case friend INDENT when 'Tim:G':    p Friend is a string NODENT when {tim: 'g'}: p Friend is an object DEDENT99999 DEDENT99999 DEDENT99999 