NODENT - if (true) INDENT p foo DEDENT - else INDENT p bar DEDENT - if (true) { INDENT p foo DEDENT - } else { INDENT p bar DEDENT - } NODENT if true INDENT p foo NODENT p bar NODENT p baz DEDENT else INDENT p bar DEDENT unless true INDENT p foo DEDENT else INDENT p bar DEDENT if 'nested' INDENT if 'works' INDENT p yay DEDENT DEDENT //- allow empty blocks NODENT if false NODENT else INDENT .bar DEDENT if true INDENT .bar DEDENT else NODENT .bing NODENT if false INDENT .bing DEDENT else if false INDENT .bar DEDENT else 