NODENT - var items = [1,2,3] NODENT ul INDENT - items.forEach(function(item){ INDENT li= item DEDENT - }) DEDENT - var items = [1,2,3] NODENT ul INDENT for item, i in items INDENT li(class='item-' + i)= item DEDENT DEDENT ul INDENT each item, i in items INDENT li= item DEDENT DEDENT ul INDENT each $item in items INDENT li= $item DEDENT DEDENT - var nums = [1, 2, 3] NODENT - var letters = ['a', 'b', 'c'] NODENT ul INDENT for l in letters INDENT for n in nums INDENT li #{n}: #{l} DEDENT DEDENT DEDENT - var count = 1 NODENT - var counter = function() { return [count++, count++, count++] } NODENT ul INDENT for n in counter() INDENT li #{n} DEDENT99999 DEDENT99999 