NODENT - var users = [] NODENT ul INDENT for user in users INDENT li= user.name DEDENT else INDENT li no users! DEDENT DEDENT - var users = [{ name: 'tobi', friends: ['loki'] }, { name: 'loki' }] NODENT if users INDENT ul INDENT for user in users INDENT li= user.name DEDENT else INDENT li no users! DEDENT DEDENT DEDENT - var user = { name: 'tobi', age: 10 } NODENT ul INDENT each val, key in user INDENT li #{key}: #{val} DEDENT else INDENT li user has no details! DEDENT DEDENT - var user = {} NODENT ul INDENT each prop, key in user INDENT li #{key}: #{val} DEDENT else INDENT li user has no details! DEDENT DEDENT - var user = Object.create(null) NODENT - user.name = 'tobi' NODENT ul INDENT each val, key in user INDENT li #{key}: #{val} DEDENT else INDENT li user has no details! DEDENT99999 DEDENT99999 