NODENT extends ../fixtures/multi-append-prepend-block/redefine.pug NODENT append content INDENT p.first.append Something appended to content DEDENT prepend content INDENT p.first.prepend Something prepended to content DEDENT append content INDENT p.last.append Last append must be most last DEDENT prepend content INDENT p.last.prepend Last prepend must appear at top DEDENT append head INDENT script(src='jquery.js') DEDENT prepend head INDENT script(src='foo.js') 