NODENT mixin article(name) INDENT section.article INDENT h1= name NODENT block DEDENT DEDENT html INDENT body INDENT +article('Foo'): p I'm article foo DEDENT DEDENT mixin article(name) INDENT section.article INDENT h1= name NODENT p INDENT block DEDENT DEDENT DEDENT html INDENT body INDENT +article('Something'). INDENT I'm a much longer NODENT text-only article, NODENT but you can still NODENT inline html tags DEDENT99999 DEDENT99999 DEDENT99999 