NODENT mixin comment(title, str) INDENT .comment INDENT h2= title NODENT p.body= str DEDENT DEDENT mixin comment (title, str) INDENT .comment INDENT h2= title NODENT p.body= str DEDENT DEDENT #user INDENT h1 Tobi NODENT .comments INDENT +comment('This', INDENT (('is regular, javascript'))) DEDENT DEDENT DEDENT mixin list INDENT ul INDENT li foo NODENT li bar NODENT li baz DEDENT DEDENT body INDENT +list() NODENT + list() DEDENT mixin foobar(str) INDENT div#interpolation= str + 'interpolated' DEDENT - var suffix = "bar" NODENT +#{'foo' + suffix}('This is ') 