NODENT mixin form(method, action) INDENT form(method=method, action=action) INDENT - var csrf_token_from_somewhere = 'hey' NODENT input(type='hidden', name='_csrf', value=csrf_token_from_somewhere) NODENT block DEDENT DEDENT html INDENT body INDENT +form('GET', '/search') INDENT input(type='text', name='query', placeholder='Search') NODENT input(type='submit', value='Search') DEDENT DEDENT DEDENT html INDENT body INDENT +form('POST', '/search') INDENT input(type='text', name='query', placeholder='Search') NODENT input(type='submit', value='Search') DEDENT DEDENT DEDENT html INDENT body INDENT +form('POST', '/search') DEDENT DEDENT mixin bar() INDENT #bar INDENT block DEDENT DEDENT mixin foo() INDENT #foo INDENT +bar INDENT block DEDENT DEDENT DEDENT +foo INDENT p one NODENT p two NODENT p three DEDENT mixin baz INDENT #baz INDENT block DEDENT99999 DEDENT99999 