NODENT html INDENT head INDENT style. INDENT body { INDENT padding: 50px; DEDENT } DEDENT DEDENT body INDENT div(style='color:red;background:green') NODENT div(style={color: 'red', background: 'green'}) NODENT div&attributes({style: 'color:red;background:green'}) NODENT div&attributes({style: {color: 'red', background: 'green'}}) NODENT mixin div() INDENT div&attributes(attributes) DEDENT +div(style='color:red;background:green') NODENT +div(style={color: 'red', background: 'green'}) NODENT - var bg = 'green'; NODENT div(style={color: 'red', background: bg}) NODENT div&attributes({style: {color: 'red', background: bg}}) NODENT +div(style={color: 'red', background: bg}) DEDENT99999 DEDENT99999 