NODENT - var tag = 'p' NODENT - var foo = 'bar' NODENT #{tag} value NODENT #{tag}(foo='bar') value NODENT #{foo ? 'a' : 'li'}(something) here NODENT mixin item(icon) INDENT li INDENT if attributes.href INDENT a&attributes(attributes) INDENT img.icon(src=icon) NODENT block DEDENT DEDENT else INDENT span&attributes(attributes) INDENT img.icon(src=icon) NODENT block DEDENT DEDENT DEDENT DEDENT ul INDENT +item('contact') Contact NODENT +item(href='/contact') Contact DEDENT99999 