NODENT option(value='') -- (selected) -- NODENT p NODENT p. NODENT p NODENT   foo NODENT   bar NODENT   baz NODENT p. INDENT foo NODENT bar NODENT baz DEDENT . NODENT . INDENT foo NODENT bar NODENT baz DEDENT pre NODENT   foo INDENT   bar INDENT   baz DEDENT   DEDENT   . NODENT pre. INDENT foo INDENT bar INDENT baz DEDENT DEDENT . DEDENT . INDENT foo INDENT bar INDENT baz DEDENT DEDENT . DEDENT99999 